{
  "code": 400,
  "message": "field: 'description' | message: 'must not be null'"
}