{
  "code": 412,
  "message": "Not found tasks to condition 'Page request [number: 6, size 10, sort: creationDate: ASC]'"
}