{
  "code": 412,
  "message": "Invalid state of Task with ID '4' to update"
}