{
  "code": 400,
  "message": "Invalid status for string 'INVALID'"
}