{
  "id": 2,
  "creationDate": 1546869600000,
  "status": "PENDING",
  "description": "Create a wrapper class of Task cass",
  "points": 1
}