{
  "code": 412,
  "message": "Task with id '50' not found"
}