{
  "id": 2,
  "creationDate": 1546869600000,
  "status": "COMPLETED",
  "description": "Test to change information from Taks",
  "points": 55
}